0 verbose cli /usr/bin/node /usr/bin/npm
1 info using npm@11.11.0
2 info using node@v22.22.1
3 silly config load:file:/usr/lib/node_modules/npm/npmrc
4 silly config load:file:/expo-project/.npmrc
5 silly config load:file:/usr/etc/npmrc
6 verbose title npm uninstall react-native-reanimated patch-package
7 verbose argv "uninstall" "react-native-reanimated" "patch-package"
8 verbose logfile logs-max:10 dir:/expo-project/.npm/_logs/2026-04-28T08_32_55_715Z-
9 verbose logfile /expo-project/.npm/_logs/2026-04-28T08_32_55_715Z-debug-0.log
10 warn Unknown user config "node-linker". This will stop working in the next major version of npm. See `npm help npmrc` for supported config options.
11 silly logfile done cleaning log files
12 silly packumentCache heap:4345298944 maxSize:1086324736 maxEntrySize:543162368
13 silly idealTree buildDeps
14 silly fetch manifest @expo/prebuild-config@^54.0.8
15 silly packumentCache full:https://registry.npmjs.org/@expo%2fprebuild-config cache-miss
16 http fetch GET 200 https://registry.npmjs.org/@expo%2fprebuild-config 129ms (cache miss)
17 silly packumentCache full:https://registry.npmjs.org/@expo%2fprebuild-config set size:undefined disposed:false
18 silly fetch manifest expo@*
19 silly packumentCache full:https://registry.npmjs.org/expo cache-miss
20 http fetch GET 200 https://registry.npmjs.org/expo 140ms (cache miss)
21 silly packumentCache full:https://registry.npmjs.org/expo set size:undefined disposed:false
22 silly fetch manifest @expo/dom-webview@*
23 silly packumentCache full:https://registry.npmjs.org/@expo%2fdom-webview cache-miss
24 http fetch GET 200 https://registry.npmjs.org/@expo%2fdom-webview 53ms (cache miss)
25 silly packumentCache full:https://registry.npmjs.org/@expo%2fdom-webview set size:undefined disposed:false
26 silly fetch manifest react@*
27 silly packumentCache full:https://registry.npmjs.org/react cache-miss
28 http fetch GET 200 https://registry.npmjs.org/react 225ms (cache miss)
29 silly packumentCache full:https://registry.npmjs.org/react set size:undefined disposed:false
30 silly fetch manifest react-native@*
31 silly packumentCache full:https://registry.npmjs.org/react-native cache-miss
32 http fetch GET 200 https://registry.npmjs.org/react-native 294ms (cache miss)
33 silly packumentCache full:https://registry.npmjs.org/react-native set size:undefined disposed:false
34 silly fetch manifest @react-native/jest-preset@0.85.2
35 silly packumentCache full:https://registry.npmjs.org/@react-native%2fjest-preset cache-miss
36 http fetch GET 200 https://registry.npmjs.org/@react-native%2fjest-preset 52ms (cache miss)
37 silly packumentCache full:https://registry.npmjs.org/@react-native%2fjest-preset set size:undefined disposed:false
38 silly fetch manifest @types/react@^19.1.1
39 silly packumentCache full:https://registry.npmjs.org/@types%2freact cache-miss
40 http fetch GET 200 https://registry.npmjs.org/@types%2freact 108ms (cache miss)
41 silly packumentCache full:https://registry.npmjs.org/@types%2freact set size:undefined disposed:false
42 silly fetch manifest @expo/metro-runtime@*
43 silly packumentCache full:https://registry.npmjs.org/@expo%2fmetro-runtime cache-miss
44 http fetch GET 200 https://registry.npmjs.org/@expo%2fmetro-runtime 64ms (cache miss)
45 silly packumentCache full:https://registry.npmjs.org/@expo%2fmetro-runtime set size:undefined disposed:false
46 silly fetch manifest react-dom@*
47 silly packumentCache full:https://registry.npmjs.org/react-dom cache-miss
48 http fetch GET 200 https://registry.npmjs.org/react-dom 253ms (cache miss)
49 silly packumentCache full:https://registry.npmjs.org/react-dom set size:undefined disposed:false
50 silly fetch manifest react-native-webview@*
51 silly packumentCache full:https://registry.npmjs.org/react-native-webview cache-miss
52 http fetch GET 200 https://registry.npmjs.org/react-native-webview 73ms (cache miss)
53 silly packumentCache full:https://registry.npmjs.org/react-native-webview set size:undefined disposed:false
54 silly placeDep node_modules/@expo/cli @expo/prebuild-config@54.0.8 OK for: @expo/cli@54.0.23 want: ^54.0.8
55 silly fetch manifest @expo/config-types@^54.0.10
56 silly packumentCache full:https://registry.npmjs.org/@expo%2fconfig-types cache-miss
57 silly fetch manifest @react-native/normalize-colors@0.81.5
58 silly packumentCache full:https://registry.npmjs.org/@react-native%2fnormalize-colors cache-miss
59 http fetch GET 200 https://registry.npmjs.org/@expo%2fconfig-types 67ms (cache miss)
60 silly packumentCache full:https://registry.npmjs.org/@expo%2fconfig-types set size:undefined disposed:false
61 http fetch GET 200 https://registry.npmjs.org/@react-native%2fnormalize-colors 130ms (cache miss)
62 silly packumentCache full:https://registry.npmjs.org/@react-native%2fnormalize-colors set size:undefined disposed:false
63 silly fetch manifest @expo/ngrok-bin-darwin-arm64@2.3.41
64 silly packumentCache full:https://registry.npmjs.org/@expo%2fngrok-bin-darwin-arm64 cache-miss
65 http fetch GET 200 https://registry.npmjs.org/@expo%2fngrok-bin-darwin-arm64 51ms (cache miss)
66 silly packumentCache full:https://registry.npmjs.org/@expo%2fngrok-bin-darwin-arm64 set size:undefined disposed:false
67 silly fetch manifest @expo/ngrok-bin-darwin-x64@2.3.41
68 silly packumentCache full:https://registry.npmjs.org/@expo%2fngrok-bin-darwin-x64 cache-miss
69 http fetch GET 200 https://registry.npmjs.org/@expo%2fngrok-bin-darwin-x64 227ms (cache miss)
70 silly packumentCache full:https://registry.npmjs.org/@expo%2fngrok-bin-darwin-x64 set size:undefined disposed:false
71 silly fetch manifest @expo/ngrok-bin-freebsd-ia32@2.3.41
72 silly packumentCache full:https://registry.npmjs.org/@expo%2fngrok-bin-freebsd-ia32 cache-miss
73 http fetch GET 200 https://registry.npmjs.org/@expo%2fngrok-bin-freebsd-ia32 70ms (cache miss)
74 silly packumentCache full:https://registry.npmjs.org/@expo%2fngrok-bin-freebsd-ia32 set size:undefined disposed:false
75 silly fetch manifest @expo/ngrok-bin-freebsd-x64@2.3.41
76 silly packumentCache full:https://registry.npmjs.org/@expo%2fngrok-bin-freebsd-x64 cache-miss
77 http fetch GET 200 https://registry.npmjs.org/@expo%2fngrok-bin-freebsd-x64 175ms (cache miss)
78 silly packumentCache full:https://registry.npmjs.org/@expo%2fngrok-bin-freebsd-x64 set size:undefined disposed:false
79 silly fetch manifest @expo/ngrok-bin-linux-arm@2.3.41
80 silly packumentCache full:https://registry.npmjs.org/@expo%2fngrok-bin-linux-arm cache-miss
81 http fetch GET 200 https://registry.npmjs.org/@expo%2fngrok-bin-linux-arm 89ms (cache miss)
82 silly packumentCache full:https://registry.npmjs.org/@expo%2fngrok-bin-linux-arm set size:undefined disposed:false
83 silly fetch manifest @expo/ngrok-bin-linux-arm64@2.3.41
84 silly packumentCache full:https://registry.npmjs.org/@expo%2fngrok-bin-linux-arm64 cache-miss
85 http fetch GET 200 https://registry.npmjs.org/@expo%2fngrok-bin-linux-arm64 103ms (cache miss)
86 silly packumentCache full:https://registry.npmjs.org/@expo%2fngrok-bin-linux-arm64 set size:undefined disposed:false
87 silly fetch manifest @expo/ngrok-bin-linux-ia32@2.3.41
88 silly packumentCache full:https://registry.npmjs.org/@expo%2fngrok-bin-linux-ia32 cache-miss
89 http fetch GET 200 https://registry.npmjs.org/@expo%2fngrok-bin-linux-ia32 221ms (cache miss)
90 silly packumentCache full:https://registry.npmjs.org/@expo%2fngrok-bin-linux-ia32 set size:undefined disposed:false
91 silly fetch manifest @expo/ngrok-bin-sunos-x64@2.3.41
92 silly packumentCache full:https://registry.npmjs.org/@expo%2fngrok-bin-sunos-x64 cache-miss
93 http fetch GET 200 https://registry.npmjs.org/@expo%2fngrok-bin-sunos-x64 90ms (cache miss)
94 silly packumentCache full:https://registry.npmjs.org/@expo%2fngrok-bin-sunos-x64 set size:undefined disposed:false
95 silly fetch manifest @expo/ngrok-bin-win32-ia32@2.3.41
96 silly packumentCache full:https://registry.npmjs.org/@expo%2fngrok-bin-win32-ia32 cache-miss
97 http fetch GET 200 https://registry.npmjs.org/@expo%2fngrok-bin-win32-ia32 155ms (cache miss)
98 silly packumentCache full:https://registry.npmjs.org/@expo%2fngrok-bin-win32-ia32 set size:undefined disposed:false
99 silly fetch manifest @expo/ngrok-bin-win32-x64@2.3.41
100 silly packumentCache full:https://registry.npmjs.org/@expo%2fngrok-bin-win32-x64 cache-miss
101 http fetch GET 200 https://registry.npmjs.org/@expo%2fngrok-bin-win32-x64 72ms (cache miss)
102 silly packumentCache full:https://registry.npmjs.org/@expo%2fngrok-bin-win32-x64 set size:undefined disposed:false
103 silly placeDep ROOT @expo/ngrok-bin-darwin-arm64@2.3.41 OK for: @expo/ngrok-bin@2.3.42 want: 2.3.41
104 silly placeDep ROOT @expo/ngrok-bin-darwin-x64@2.3.41 OK for: @expo/ngrok-bin@2.3.42 want: 2.3.41
105 silly placeDep ROOT @expo/ngrok-bin-freebsd-ia32@2.3.41 OK for: @expo/ngrok-bin@2.3.42 want: 2.3.41
106 silly placeDep ROOT @expo/ngrok-bin-freebsd-x64@2.3.41 OK for: @expo/ngrok-bin@2.3.42 want: 2.3.41
107 silly placeDep ROOT @expo/ngrok-bin-linux-arm@2.3.41 OK for: @expo/ngrok-bin@2.3.42 want: 2.3.41
108 silly placeDep ROOT @expo/ngrok-bin-linux-arm64@2.3.41 OK for: @expo/ngrok-bin@2.3.42 want: 2.3.41
109 silly placeDep ROOT @expo/ngrok-bin-linux-ia32@2.3.41 OK for: @expo/ngrok-bin@2.3.42 want: 2.3.41
110 silly placeDep ROOT @expo/ngrok-bin-sunos-x64@2.3.41 OK for: @expo/ngrok-bin@2.3.42 want: 2.3.41
111 silly placeDep ROOT @expo/ngrok-bin-win32-ia32@2.3.41 OK for: @expo/ngrok-bin@2.3.42 want: 2.3.41
112 silly placeDep ROOT @expo/ngrok-bin-win32-x64@2.3.41 OK for: @expo/ngrok-bin@2.3.42 want: 2.3.41
113 silly fetch manifest react@^16.8 || ^17.0 || ^18.0
114 silly packumentCache full:https://registry.npmjs.org/react cache-miss
115 http cache https://registry.npmjs.org/react 15ms (cache hit)
116 silly packumentCache full:https://registry.npmjs.org/react set size:6625721 disposed:false
117 warn ERESOLVE overriding peer dependency {
117 warn ERESOLVE   code: 'ERESOLVE',
117 warn ERESOLVE   edge: {
117 warn ERESOLVE     type: 'peer',
117 warn ERESOLVE     name: 'react',
117 warn ERESOLVE     spec: '^16.8 || ^17.0 || ^18.0',
117 warn ERESOLVE     error: 'INVALID',
117 warn ERESOLVE     from: {
117 warn ERESOLVE       name: '@radix-ui/react-compose-refs',
117 warn ERESOLVE       version: '1.0.0',
117 warn ERESOLVE       location: 'node_modules/@radix-ui/react-compose-refs',
117 warn ERESOLVE       isWorkspace: false,
117 warn ERESOLVE       dependents: [Array]
117 warn ERESOLVE     }
117 warn ERESOLVE   },
117 warn ERESOLVE   dep: {
117 warn ERESOLVE     name: 'react',
117 warn ERESOLVE     version: '18.3.1',
117 warn ERESOLVE     whileInstalling: {
117 warn ERESOLVE       name: '@radix-ui/react-compose-refs',
117 warn ERESOLVE       version: '1.0.0',
117 warn ERESOLVE       path: '/expo-project/node_modules/@radix-ui/react-compose-refs'
117 warn ERESOLVE     },
117 warn ERESOLVE     location: 'node_modules/react',
117 warn ERESOLVE     isWorkspace: false,
117 warn ERESOLVE     dependents: [ [Object] ]
117 warn ERESOLVE   },
117 warn ERESOLVE   force: false,
117 warn ERESOLVE   isMine: false,
117 warn ERESOLVE   strictPeerDeps: false,
117 warn ERESOLVE   current: {
117 warn ERESOLVE     name: 'react',
117 warn ERESOLVE     version: '19.1.0',
117 warn ERESOLVE     location: 'node_modules/react',
117 warn ERESOLVE     isWorkspace: false,
117 warn ERESOLVE     dependents: [
117 warn ERESOLVE       [Object], [Object], [Object], [Object],
117 warn ERESOLVE       [Object], [Object], [Object], [Object],
117 warn ERESOLVE       [Object], [Object], [Object], [Object],
117 warn ERESOLVE       [Object], [Object], [Object], [Object],
117 warn ERESOLVE       [Object], [Object], [Object], [Object],
117 warn ERESOLVE       [Object], [Object], [Object], [Object],
117 warn ERESOLVE       [Object], [Object], [Object], [Object],
117 warn ERESOLVE       [Object], [Object], [Object], [Object],
117 warn ERESOLVE       [Object], [Object], [Object], [Object],
117 warn ERESOLVE       [Object], [Object], [Object], [Object],
117 warn ERESOLVE       [Object], [Object], [Object]
117 warn ERESOLVE     ]
117 warn ERESOLVE   },
117 warn ERESOLVE   peerConflict: {
117 warn ERESOLVE     current: {
117 warn ERESOLVE       name: 'react',
117 warn ERESOLVE       version: '19.1.0',
117 warn ERESOLVE       location: 'node_modules/react',
117 warn ERESOLVE       isWorkspace: false,
117 warn ERESOLVE       dependents: [Array]
117 warn ERESOLVE     },
117 warn ERESOLVE     peer: {
117 warn ERESOLVE       name: 'react',
117 warn ERESOLVE       version: '18.3.1',
117 warn ERESOLVE       whileInstalling: [Object],
117 warn ERESOLVE       location: 'node_modules/react',
117 warn ERESOLVE       isWorkspace: false,
117 warn ERESOLVE       dependents: [Array]
117 warn ERESOLVE     }
117 warn ERESOLVE   }
117 warn ERESOLVE }
118 warn ERESOLVE overriding peer dependency {
118 warn ERESOLVE   code: 'ERESOLVE',
118 warn ERESOLVE   edge: {
118 warn ERESOLVE     type: 'peer',
118 warn ERESOLVE     name: 'react',
118 warn ERESOLVE     spec: '^16.8 || ^17.0 || ^18.0',
118 warn ERESOLVE     error: 'INVALID',
118 warn ERESOLVE     from: {
118 warn ERESOLVE       name: '@radix-ui/react-slot',
118 warn ERESOLVE       version: '1.0.1',
118 warn ERESOLVE       location: 'node_modules/@radix-ui/react-slot',
118 warn ERESOLVE       isWorkspace: false,
118 warn ERESOLVE       dependents: [Array]
118 warn ERESOLVE     }
118 warn ERESOLVE   },
118 warn ERESOLVE   dep: {
118 warn ERESOLVE     name: 'react',
118 warn ERESOLVE     version: '18.3.1',
118 warn ERESOLVE     whileInstalling: {
118 warn ERESOLVE       name: '@radix-ui/react-slot',
118 warn ERESOLVE       version: '1.0.1',
118 warn ERESOLVE       path: '/expo-project/node_modules/@radix-ui/react-slot'
118 warn ERESOLVE     },
118 warn ERESOLVE     location: 'node_modules/react',
118 warn ERESOLVE     isWorkspace: false,
118 warn ERESOLVE     dependents: [ [Object] ]
118 warn ERESOLVE   },
118 warn ERESOLVE   force: false,
118 warn ERESOLVE   isMine: false,
118 warn ERESOLVE   strictPeerDeps: false,
118 warn ERESOLVE   current: {
118 warn ERESOLVE     name: 'react',
118 warn ERESOLVE     version: '19.1.0',
118 warn ERESOLVE     location: 'node_modules/react',
118 warn ERESOLVE     isWorkspace: false,
118 warn ERESOLVE     dependents: [
118 warn ERESOLVE       [Object], [Object], [Object], [Object],
118 warn ERESOLVE       [Object], [Object], [Object], [Object],
118 warn ERESOLVE       [Object], [Object], [Object], [Object],
118 warn ERESOLVE       [Object], [Object], [Object], [Object],
118 warn ERESOLVE       [Object], [Object], [Object], [Object],
118 warn ERESOLVE       [Object], [Object], [Object], [Object],
118 warn ERESOLVE       [Object], [Object], [Object], [Object],
118 warn ERESOLVE       [Object], [Object], [Object], [Object],
118 warn ERESOLVE       [Object], [Object], [Object], [Object],
118 warn ERESOLVE       [Object], [Object], [Object], [Object],
118 warn ERESOLVE       [Object], [Object], [Object]
118 warn ERESOLVE     ]
118 warn ERESOLVE   },
118 warn ERESOLVE   peerConflict: {
118 warn ERESOLVE     current: {
118 warn ERESOLVE       name: 'react',
118 warn ERESOLVE       version: '19.1.0',
118 warn ERESOLVE       location: 'node_modules/react',
118 warn ERESOLVE       isWorkspace: false,
118 warn ERESOLVE       dependents: [Array]
118 warn ERESOLVE     },
118 warn ERESOLVE     peer: {
118 warn ERESOLVE       name: 'react',
118 warn ERESOLVE       version: '18.3.1',
118 warn ERESOLVE       whileInstalling: [Object],
118 warn ERESOLVE       location: 'node_modules/react',
118 warn ERESOLVE       isWorkspace: false,
118 warn ERESOLVE       dependents: [Array]
118 warn ERESOLVE     }
118 warn ERESOLVE   }
118 warn ERESOLVE }
119 silly fetch manifest fsevents@~2.3.2
120 silly packumentCache full:https://registry.npmjs.org/fsevents cache-miss
121 http fetch GET 200 https://registry.npmjs.org/fsevents 37ms (cache miss)
122 silly packumentCache full:https://registry.npmjs.org/fsevents set size:undefined disposed:false
123 silly placeDep ROOT fsevents@2.3.3 OK for: chokidar@3.6.0 want: ~2.3.2
124 silly fetch manifest eslint@^9.24.0
125 silly packumentCache full:https://registry.npmjs.org/eslint cache-miss
126 http fetch GET 200 https://registry.npmjs.org/eslint 80ms (cache miss)
127 silly packumentCache full:https://registry.npmjs.org/eslint set size:undefined disposed:false
128 silly fetch manifest jiti@*
129 silly packumentCache full:https://registry.npmjs.org/jiti cache-miss
130 http fetch GET 200 https://registry.npmjs.org/jiti 41ms (cache miss)
131 silly packumentCache full:https://registry.npmjs.org/jiti set size:undefined disposed:false
132 silly placeDep node_modules/eslint-plugin-expo eslint@9.39.4 OK for: eslint-plugin-expo@1.0.0 want: ^9.24.0
133 silly fetch manifest ajv@^6.14.0
134 silly packumentCache full:https://registry.npmjs.org/ajv cache-miss
135 silly fetch manifest espree@^10.4.0
136 silly packumentCache full:https://registry.npmjs.org/espree cache-miss
137 silly fetch manifest find-up@^5.0.0
138 silly packumentCache full:https://registry.npmjs.org/find-up cache-miss
139 silly fetch manifest @eslint/core@^0.17.0
140 silly packumentCache full:https://registry.npmjs.org/@eslint%2fcore cache-miss
141 silly fetch manifest eslint-scope@^8.4.0
142 silly packumentCache full:https://registry.npmjs.org/eslint-scope cache-miss
143 silly fetch manifest @humanfs/node@^0.16.6
144 silly packumentCache full:https://registry.npmjs.org/@humanfs%2fnode cache-miss
145 silly fetch manifest @eslint/eslintrc@^3.3.5
146 silly packumentCache full:https://registry.npmjs.org/@eslint%2feslintrc cache-miss
147 silly fetch manifest file-entry-cache@^8.0.0
148 silly packumentCache full:https://registry.npmjs.org/file-entry-cache cache-miss
149 silly fetch manifest @eslint/plugin-kit@^0.4.1
150 silly packumentCache full:https://registry.npmjs.org/@eslint%2fplugin-kit cache-miss
151 silly fetch manifest eslint-visitor-keys@^4.2.1
152 silly packumentCache full:https://registry.npmjs.org/eslint-visitor-keys cache-miss
153 silly fetch manifest @eslint/config-array@^0.21.2
154 silly packumentCache full:https://registry.npmjs.org/@eslint%2fconfig-array cache-miss
155 silly fetch manifest @humanwhocodes/retry@^0.4.2
156 silly packumentCache full:https://registry.npmjs.org/@humanwhocodes%2fretry cache-miss
157 silly fetch manifest @eslint/config-helpers@^0.4.2
158 silly packumentCache full:https://registry.npmjs.org/@eslint%2fconfig-helpers cache-miss
159 http fetch GET 200 https://registry.npmjs.org/espree 55ms (cache miss)
160 silly packumentCache full:https://registry.npmjs.org/espree set size:undefined disposed:false
161 http fetch GET 200 https://registry.npmjs.org/find-up 67ms (cache miss)
162 silly packumentCache full:https://registry.npmjs.org/find-up set size:undefined disposed:false
163 http fetch GET 200 https://registry.npmjs.org/file-entry-cache 72ms (cache miss)
164 silly packumentCache full:https://registry.npmjs.org/file-entry-cache set size:undefined disposed:false
165 http fetch GET 200 https://registry.npmjs.org/@eslint%2fcore 86ms (cache miss)
166 silly packumentCache full:https://registry.npmjs.org/@eslint%2fcore set size:undefined disposed:false
167 http fetch GET 200 https://registry.npmjs.org/ajv 89ms (cache miss)
168 silly packumentCache full:https://registry.npmjs.org/ajv set size:undefined disposed:false
169 http fetch GET 200 https://registry.npmjs.org/eslint-visitor-keys 94ms (cache miss)
170 silly packumentCache full:https://registry.npmjs.org/eslint-visitor-keys set size:undefined disposed:false
171 http fetch GET 200 https://registry.npmjs.org/@humanfs%2fnode 103ms (cache miss)
172 silly packumentCache full:https://registry.npmjs.org/@humanfs%2fnode set size:undefined disposed:false
173 http fetch GET 200 https://registry.npmjs.org/@eslint%2fplugin-kit 105ms (cache miss)
174 silly packumentCache full:https://registry.npmjs.org/@eslint%2fplugin-kit set size:undefined disposed:false
175 http fetch GET 200 https://registry.npmjs.org/eslint-scope 109ms (cache miss)
176 silly packumentCache full:https://registry.npmjs.org/eslint-scope set size:undefined disposed:false
177 http fetch GET 200 https://registry.npmjs.org/@eslint%2fconfig-helpers 109ms (cache miss)
178 silly packumentCache full:https://registry.npmjs.org/@eslint%2fconfig-helpers set size:undefined disposed:false
179 http fetch GET 200 https://registry.npmjs.org/@humanwhocodes%2fretry 111ms (cache miss)
180 silly packumentCache full:https://registry.npmjs.org/@humanwhocodes%2fretry set size:undefined disposed:false
181 http fetch GET 200 https://registry.npmjs.org/@eslint%2fconfig-array 112ms (cache miss)
182 silly packumentCache full:https://registry.npmjs.org/@eslint%2fconfig-array set size:undefined disposed:false
183 http fetch GET 200 https://registry.npmjs.org/@eslint%2feslintrc 116ms (cache miss)
184 silly packumentCache full:https://registry.npmjs.org/@eslint%2feslintrc set size:undefined disposed:false
185 silly fetch manifest expo-constants@~17.0.8
186 silly packumentCache full:https://registry.npmjs.org/expo-constants cache-miss
187 http fetch GET 200 https://registry.npmjs.org/expo-constants 57ms (cache miss)
188 silly packumentCache full:https://registry.npmjs.org/expo-constants set size:undefined disposed:false
189 silly fetch manifest @expo/metro-runtime@4.0.1
190 silly packumentCache full:https://registry.npmjs.org/@expo%2fmetro-runtime cache-miss
191 http cache https://registry.npmjs.org/@expo%2fmetro-runtime 3ms (cache hit)
192 silly packumentCache full:https://registry.npmjs.org/@expo%2fmetro-runtime set size:632184 disposed:false
193 silly fetch manifest expo-linking@~7.0.5
194 silly packumentCache full:https://registry.npmjs.org/expo-linking cache-miss
195 http fetch GET 200 https://registry.npmjs.org/expo-linking 55ms (cache miss)
196 silly packumentCache full:https://registry.npmjs.org/expo-linking set size:undefined disposed:false
197 verbose stack Error: could not resolve
197 verbose stack     at PlaceDep.failPeerConflict (/usr/lib/node_modules/npm/node_modules/@npmcli/arborist/lib/place-dep.js:503:25)
197 verbose stack     at new PlaceDep (/usr/lib/node_modules/npm/node_modules/@npmcli/arborist/lib/place-dep.js:157:21)
197 verbose stack     at #buildDepStep (/usr/lib/node_modules/npm/node_modules/@npmcli/arborist/lib/arborist/build-ideal-tree.js:933:18)
197 verbose stack     at async Arborist.buildIdealTree (/usr/lib/node_modules/npm/node_modules/@npmcli/arborist/lib/arborist/build-ideal-tree.js:170:7)
197 verbose stack     at async Promise.all (index 1)
197 verbose stack     at async Arborist.reify (/usr/lib/node_modules/npm/node_modules/@npmcli/arborist/lib/arborist/reify.js:110:5)
197 verbose stack     at async Uninstall.exec (/usr/lib/node_modules/npm/lib/commands/uninstall.js:49:5)
197 verbose stack     at async Npm.exec (/usr/lib/node_modules/npm/lib/npm.js:209:9)
197 verbose stack     at async module.exports (/usr/lib/node_modules/npm/lib/cli/entry.js:67:5)
198 error code ERESOLVE
199 error ERESOLVE could not resolve
200 error
201 error While resolving: expo-router@4.0.22
201 error Found: expo-constants@18.0.13
201 error node_modules/expo-constants
201 error   expo-constants@"~18.0.12" from expo-asset@12.0.12
201 error   node_modules/expo-asset
201 error     expo-asset@"~12.0.12" from expo@54.0.33
201 error   expo-constants@"~18.0.13" from expo@54.0.33
201 error   2 more (expo-linking, the root project)
201 error
201 error Could not resolve dependency:
201 error peer expo-constants@"~17.0.8" from expo-router@4.0.22
201 error node_modules/expo-router
201 error   peerOptional expo-router@"*" from @expo/cli@54.0.23
201 error   node_modules/@expo/cli
201 error     @expo/cli@"54.0.23" from expo@54.0.33
201 error     node_modules/expo
201 error       peerOptional expo@"*" from babel-preset-expo@54.0.10
201 error       node_modules/babel-preset-expo
201 error       26 more (expo-asset, expo-clipboard, expo-blur, expo-constants, ...)
201 error   expo-router@"^4.0.22" from the root project
201 error
201 error Conflicting peer dependency: expo-constants@17.0.8
201 error node_modules/expo-constants
201 error   peer expo-constants@"~17.0.8" from expo-router@4.0.22
201 error   node_modules/expo-router
201 error     peerOptional expo-router@"*" from @expo/cli@54.0.23
201 error     node_modules/@expo/cli
201 error       @expo/cli@"54.0.23" from expo@54.0.33
201 error       node_modules/expo
201 error         peerOptional expo@"*" from babel-preset-expo@54.0.10
201 error         node_modules/babel-preset-expo
201 error         26 more (expo-asset, expo-clipboard, expo-blur, expo-constants, ...)
201 error     expo-router@"^4.0.22" from the root project
201 error
201 error Fix the upstream dependency conflict, or retry
201 error this command with --force or --legacy-peer-deps
201 error to accept an incorrect (and potentially broken) dependency resolution.
202 error
202 error
202 error For a full report see:
202 error /expo-project/.npm/_logs/2026-04-28T08_32_55_715Z-eresolve-report.txt
203 silly unfinished npm timer reify 1777365176125
204 silly unfinished npm timer reify:loadTrees 1777365176126
205 silly unfinished npm timer idealTree:buildDeps 1777365178052
206 silly unfinished npm timer idealTree:node_modules/expo-router 1777365181566
207 verbose cwd /expo-project
208 verbose os Linux 4.4.0
209 verbose node v22.22.1
210 verbose npm  v11.11.0
211 verbose exit 1
212 verbose code 1
213 error A complete log of this run can be found in: /expo-project/.npm/_logs/2026-04-28T08_32_55_715Z-debug-0.log
