0 verbose cli /usr/bin/node /usr/lib/node_modules/npm/bin/npm-cli.js
1 info using npm@11.11.0
2 info using node@v22.22.1
3 silly config load:file:/usr/lib/node_modules/npm/npmrc
4 silly config load:file:/expo-project/.npmrc
5 silly config load:file:/usr/etc/npmrc
6 verbose title npm exec expo install --fix
7 verbose argv "exec" "--" "expo" "install" "--fix"
8 verbose logfile logs-max:10 dir:/expo-project/.npm/_logs/2026-04-28T08_32_52_033Z-
9 verbose logfile /expo-project/.npm/_logs/2026-04-28T08_32_52_033Z-debug-0.log
10 warn Unknown user config "node-linker". This will stop working in the next major version of npm. See `npm help npmrc` for supported config options.
11 silly logfile done cleaning log files
12 http fetch GET 200 https://registry.npmjs.org/npm 134ms
13 verbose cwd /expo-project
14 verbose os Linux 4.4.0
15 verbose node v22.22.1
16 verbose npm  v11.11.0
17 notice
17 notice New minor version of npm available! 11.11.0 -> 11.13.0
17 notice Changelog: https://github.com/npm/cli/releases/tag/v11.13.0
17 notice To update run: npm install -g npm@11.13.0
17 notice  { force: true, [Symbol(proc-log.meta)]: true }
18 verbose exit 1
19 verbose code 1
